============================= test session starts =============================
platform win32 -- Python 3.14.0, pytest-9.0.3, pluggy-1.6.0 -- C:\Development\todo-cli\.venv\Scripts\python.exe
cachedir: .pytest_cache
rootdir: C:\Development\todo-cli
configfile: pyproject.toml
testpaths: tests
plugins: anyio-4.13.0, cov-7.1.0
collecting ... collected 53 items

tests/test_commands.py::test_known_commands_includes_core PASSED         [  1%]
tests/test_commands.py::test_empty_line_is_noop PASSED                   [  3%]
tests/test_commands.py::test_unknown_command_suggests PASSED             [  5%]
tests/test_commands.py::test_help_returns_renderable PASSED              [  7%]
tests/test_commands.py::test_clear_signals_clear PASSED                  [  9%]
tests/test_commands.py::test_exit_and_quit_signal_exit PASSED            [ 11%]
tests/test_commands.py::test_add_basic PASSED                            [ 13%]
tests/test_commands.py::test_add_with_flags PASSED                       [ 15%]
tests/test_commands.py::test_add_missing_text_errors PASSED              [ 16%]
tests/test_commands.py::test_add_invalid_priority_errors PASSED          [ 18%]
tests/test_config.py::test_load_returns_default_when_file_missing PASSED [ 20%]
tests/test_config.py::test_save_creates_file PASSED                      [ 22%]
tests/test_config.py::test_load_after_save_round_trips PASSED            [ 24%]
tests/test_errors.py::test_subclasses_inherit_from_todo_error PASSED     [ 26%]
tests/test_errors.py::test_can_catch_subclass_as_base PASSED             [ 28%]
tests/test_errors.py::test_message_round_trip PASSED                     [ 30%]
tests/test_models.py::test_minimal_todo_round_trip PASSED                [ 32%]
tests/test_models.py::test_full_todo_round_trip PASSED                   [ 33%]
tests/test_models.py::test_tags_default_is_independent_list PASSED       [ 35%]
tests/test_render.py::test_render_empty_list_does_not_throw PASSED       [ 37%]
tests/test_render.py::test_render_full_list PASSED                       [ 39%]
tests/test_render.py::test_render_detail_minimal PASSED                  [ 41%]
tests/test_render.py::test_render_detail_full PASSED                     [ 43%]
tests/test_render.py::test_render_unicode_in_text PASSED                 [ 45%]
tests/test_render.py::test_render_error_and_info PASSED                  [ 47%]
tests/test_storage.py::test_load_creates_file_when_missing PASSED        [ 49%]
tests/test_storage.py::test_load_does_not_overwrite_existing PASSED      [ 50%]
tests/test_storage.py::test_load_rejects_corrupt_json PASSED             [ 52%]
tests/test_storage.py::test_load_rejects_unknown_version PASSED          [ 54%]
tests/test_storage.py::test_add_assigns_monotonic_ids PASSED             [ 56%]
tests/test_storage.py::test_add_persists_to_disk PASSED                  [ 58%]
tests/test_storage.py::test_get_returns_todo PASSED                      [ 60%]
tests/test_storage.py::test_get_missing_raises PASSED                    [ 62%]
tests/test_storage.py::test_delete_removes PASSED                        [ 64%]
tests/test_storage.py::test_delete_missing_raises PASSED                 [ 66%]
tests/test_storage.py::test_update_text PASSED                           [ 67%]
tests/test_storage.py::test_update_done_sets_completed_at PASSED         [ 69%]
tests/test_storage.py::test_update_undone_clears_completed_at PASSED     [ 71%]
tests/test_storage.py::test_update_rejects_unknown_field PASSED          [ 73%]
tests/test_storage.py::test_update_missing_id_raises PASSED              [ 75%]
tests/test_storage.py::test_list_all PASSED                              [ 77%]
tests/test_storage.py::test_list_filter_done PASSED                      [ 79%]
tests/test_storage.py::test_list_filter_tag PASSED                       [ 81%]
tests/test_storage.py::test_list_filter_project PASSED                   [ 83%]
tests/test_storage.py::test_list_overdue PASSED                          [ 84%]
tests/test_storage.py::test_list_overdue_excludes_done PASSED            [ 86%]
tests/test_storage.py::test_list_today PASSED                            [ 88%]
tests/test_storage.py::test_concurrent_adds_do_not_lose_writes PASSED    [ 90%]
tests/test_suggest.py::test_close_match_returns_command PASSED           [ 92%]
tests/test_suggest.py::test_works_without_slash_prefix PASSED            [ 94%]
tests/test_suggest.py::test_no_match_returns_empty PASSED                [ 96%]
tests/test_suggest.py::test_respects_n_limit PASSED                      [ 98%]
tests/test_suggest.py::test_low_cutoff_lets_more_through PASSED          [100%]

=============================== tests coverage ================================
_______________ coverage: platform win32, python 3.14.0-final-0 _______________

Name                       Stmts   Miss  Cover   Missing
--------------------------------------------------------
src\todo_cli\__init__.py       0      0   100%
src\todo_cli\commands.py      80      6    92%   46-47, 60, 65, 106-109
src\todo_cli\config.py        16      0   100%
src\todo_cli\errors.py         5      0   100%
src\todo_cli\models.py        21      0   100%
src\todo_cli\render.py        39      0   100%
src\todo_cli\storage.py      126      7    94%   32-41
src\todo_cli\suggest.py        8      0   100%
--------------------------------------------------------
TOTAL                        295     13    96%
============================= 53 passed in 0.83s ==============================
